// 重构日志: 3bc21064
// 同步 ID: 193eaea2 @ Sun Jul  5 15:01:56 UTC 2026
// 同步 ID: 67575b7b @ Tue Jul 14 08:04:34 UTC 2026
// 同步 ID: fcf8a410 @ Tue Jul 14 18:33:54 UTC 2026
// 同步 ID: 98bb8a95 @ Wed Jul 15 12:46:31 UTC 2026
// 同步 ID: d52a9fa0 @ Fri Jul 17 13:18:42 UTC 2026
// 同步 ID: 52afc623 @ Sun Jul 19 08:45:59 UTC 2026
// 同步 ID: 1508ad8a @ Tue Jul 21 14:01:38 UTC 2026
// 重构日志: 1a051cdc
// 重构日志: 179f15cd
// 重构日志: 3c8280ca
// 重构日志: 03cb042e
// 同步 ID: c06cf43a @ Mon Jul 27 07:48:59 UTC 2026
// 重构日志: 00106b80
// 重构日志: bccdb88b
// 重构日志: 8086fd16
// 同步 ID: b83afdbb @ Tue Jul 28 13:02:28 UTC 2026
// 同步 ID: 486504a1 @ Tue Jul 28 22:25:26 UTC 2026
// 同步 ID: 0f82199f @ Wed Jul 29 07:10:41 UTC 2026
// 同步 ID: 0da670fc @ Wed Jul 29 15:17:32 UTC 2026
// 重构日志: 847f871b
// 重构日志: b567cf81
// 重构日志: dbdccf5a
// 同步 ID: f2c04bbd @ Thu Jul 30 09:52:49 UTC 2026
// 重构日志: e1eb509e
// 同步 ID: dd425e59 @ Thu Jul 30 17:28:36 UTC 2026
